  Activating project at `~/Code/UniTriSat`
-
Test Dimension 5, Volume 15 on cpu
-
Run started at:                      14:32:02
Number of threads:                   1
Solve mode:                          Find First
Intersection backend selected:       cpu
Validation enabled:                  false
Number of polytopes found:           15373
Restricting to unimodular simplices: true
Looking for regular triangulations:  true
Using Normaliz:                      false



Run finished: 16:07:05

----------------------------------------
Run Summary
----------------------------------------
Total Polytopes Processed:     15373
Regularly Triangulatable:      [32m6653[0m
Triangulatable:                [32m6653[0m
Non-Triangulatable:            [31m8720[0m
Total Run Time:                01:35:02
----------------------------------------
Step Name                           | Total Time   | Avg Time     | Max Time     | Max Memory   | Avg Memory  
------------------------------------------------------------------------------------------------------------
Compute all lattice points          | 00:09:01     | 0.035 s      | 2.072 s      | 800.76 MiB   | 12.59 MiB   
Compute unimodular simplices        | 00:00:08     | 0.001 s      | 0.949 s      | 10.01 MiB    | 201.39 KiB  
Compute internal faces              | 00:00:25     | 0.002 s      | 2.339 s      | 24.85 MiB    | 446.87 KiB  
Compute intersecting pairs          | 01:21:43     | 0.344 s      | 246.370 s    | 686.94 MiB   | 2.36 MiB    
Generate face-covering clauses      | 00:00:14     | 0.001 s      | 0.344 s      | 45.30 MiB    | 337.61 KiB  
Solve SAT problem                   | 00:01:14     | 0.005 s      | 1.716 s      | 132.80 MiB   | 1014.19 KiB 

