  Activating project at `~/Code/UniTriSat`
-
Test Dimension 5, Volume 16 on cpu
-
Run started at:                      14:32:09
Number of threads:                   1
Solve mode:                          Find First
Intersection backend selected:       cpu
Validation enabled:                  false
Number of polytopes found:           34637
Restricting to unimodular simplices: true
Looking for regular triangulations:  true
Using Normaliz:                      false



Run finished: 18:01:24

----------------------------------------
Run Summary
----------------------------------------
Total Polytopes Processed:     34637
Regularly Triangulatable:      [32m14864[0m
Triangulatable:                [32m14864[0m
Non-Triangulatable:            [31m19773[0m
Total Run Time:                03:29:14
----------------------------------------
Step Name                           | Total Time   | Avg Time     | Max Time     | Max Memory   | Avg Memory  
------------------------------------------------------------------------------------------------------------
Compute all lattice points          | 00:19:14     | 0.033 s      | 2.301 s      | 994.07 MiB   | 12.19 MiB   
Compute unimodular simplices        | 00:00:14     | 0.000 s      | 0.826 s      | 14.26 MiB    | 204.94 KiB  
Compute internal faces              | 00:00:46     | 0.002 s      | 2.385 s      | 24.96 MiB    | 453.37 KiB  
Compute intersecting pairs          | 03:00:16     | 0.354 s      | 404.677 s    | 1.08 GiB     | 2.48 MiB    
Generate face-covering clauses      | 00:00:38     | 0.001 s      | 0.939 s      | 45.44 MiB    | 365.76 KiB  
Solve SAT problem                   | 00:02:47     | 0.005 s      | 1.649 s      | 133.58 MiB   | 1.16 MiB    

