  Activating project at `~/Code/UniTriSat`
Precompiling packages...
   3853.7 ms  ✓ UniTriSat
  1 dependency successfully precompiled in 5 seconds. 50 already precompiled.
  1 dependency had output during precompilation:
┌ UniTriSat
│  ===================== WARNING ======================
│  Normaliz not available; using CDDLib lattice point enumeration instead.
│  This is slower, but not the bottleneck, so it should be OK.
│  You can find Normaliz.jl at https://github.com/Normaliz/Normaliz.jl
│  You may have to downgrade your Julia version for Normaliz to work.
│  There is also the lattice_points_via_Oscar function available in basic_computation.jl
│  ====================================================
└  
-
Test Dimension 5, Volume 17 on cpu
-
Run started at:                      14:32:29
Number of threads:                   1
Solve mode:                          Find First
Intersection backend selected:       cpu
Validation enabled:                  false
Number of polytopes found:           32858
Restricting to unimodular simplices: true
Looking for regular triangulations:  true
Using Normaliz:                      false



Run finished: 20:26:55

----------------------------------------
Run Summary
----------------------------------------
Total Polytopes Processed:     32858
Regularly Triangulatable:      [32m14310[0m
Triangulatable:                [32m14311[0m
Non-Triangulatable:            [31m18547[0m
Total Run Time:                05:54:25
----------------------------------------
Step Name                           | Total Time   | Avg Time     | Max Time     | Max Memory   | Avg Memory  
------------------------------------------------------------------------------------------------------------
Compute all lattice points          | 00:20:21     | 0.037 s      | 3.739 s      | 1.29 GiB     | 13.51 MiB   
Compute unimodular simplices        | 00:00:18     | 0.001 s      | 0.456 s      | 19.30 MiB    | 294.11 KiB  
Compute internal faces              | 00:00:51     | 0.002 s      | 2.391 s      | 24.87 MiB    | 479.59 KiB  
Compute intersecting pairs          | 05:23:22     | 0.597 s      | 644.199 s    | 1.63 GiB     | 3.47 MiB    
Generate face-covering clauses      | 00:00:48     | 0.001 s      | 0.856 s      | 45.35 MiB    | 450.57 KiB  
Solve SAT problem                   | 00:03:20     | 0.006 s      | 1.674 s      | 133.22 MiB   | 1.12 MiB    

