  Activating project at `~/Code/UniTriSat`
Precompiling packages...
    UniTriSat Being precompiled by another machine (hostname: node815, pid: 15560, pidfile: /homes/numerik/lauff/.julia/compiled/v1.10/UniTriSat/jJmbR_KLCVs.ji.pidfile)
  23961.3 ms  ✓ UniTriSat
  1 dependency successfully precompiled in 25 seconds. 50 already precompiled.
  1 dependency had output during precompilation:
┌ UniTriSat
│  ===================== WARNING ======================
│  Normaliz not available; using CDDLib lattice point enumeration instead.
│  This is slower, but not the bottleneck, so it should be OK.
│  You can find Normaliz.jl at https://github.com/Normaliz/Normaliz.jl
│  You may have to downgrade your Julia version for Normaliz to work.
│  There is also the lattice_points_via_Oscar function available in basic_computation.jl
│  ====================================================
└  
-
Test Dimension 5, Volume 19 on cpu
-
Run started at:                      14:32:42
Number of threads:                   1
Solve mode:                          Find First
Intersection backend selected:       cpu
Validation enabled:                  false
Number of polytopes found:           75401
Restricting to unimodular simplices: true
Looking for regular triangulations:  true
Using Normaliz:                      false



Run finished: 11:06:02

----------------------------------------
Run Summary
----------------------------------------
Total Polytopes Processed:     75401
Regularly Triangulatable:      [32m32254[0m
Triangulatable:                [32m32255[0m
Non-Triangulatable:            [31m43146[0m
Total Run Time:                20:33:19
----------------------------------------
Step Name                           | Total Time   | Avg Time     | Max Time     | Max Memory   | Avg Memory  
------------------------------------------------------------------------------------------------------------
Compute all lattice points          | 00:51:13     | 0.041 s      | 5.765 s      | 2.15 GiB     | 14.92 MiB   
Compute unimodular simplices        | 00:00:52     | 0.001 s      | 0.803 s      | 35.37 MiB    | 378.96 KiB  
Compute internal faces              | 00:01:57     | 0.002 s      | 2.366 s      | 25.00 MiB    | 508.96 KiB  
Compute intersecting pairs          | 19:13:48     | 0.925 s      | 1592.782 s   | 4.21 GiB     | 4.78 MiB    
Generate face-covering clauses      | 00:02:33     | 0.002 s      | 1.909 s      | 46.13 MiB    | 571.99 KiB  
Solve SAT problem                   | 00:09:42     | 0.008 s      | 4.141 s      | 141.93 MiB   | 1.33 MiB    

