  Activating project at `~/Code/UniTriSat`
-
Test Dimension 5, Volume 4 on cpu
-
Run started at:                      14:31:17
Number of threads:                   1
Solve mode:                          Find First
Intersection backend selected:       cpu
Validation enabled:                  false
Number of polytopes found:           38
Restricting to unimodular simplices: true
Looking for regular triangulations:  true
Using Normaliz:                      false



Run finished: 14:31:26

----------------------------------------
Run Summary
----------------------------------------
Total Polytopes Processed:     38
Regularly Triangulatable:      [32m21[0m
Triangulatable:                [32m21[0m
Non-Triangulatable:            [31m17[0m
Total Run Time:                00:00:08
----------------------------------------
Step Name                           | Total Time   | Avg Time     | Max Time     | Max Memory   | Avg Memory  
------------------------------------------------------------------------------------------------------------
Compute all lattice points          | 00:00:02     | 0.053 s      | 1.867 s      | 183.38 MiB   | 6.30 MiB    
Compute unimodular simplices        | 00:00:00     | 0.000 s      | 0.007 s      | 288.90 KiB   | 15.17 KiB   
Compute internal faces              | 00:00:02     | 0.103 s      | 2.354 s      | 24.72 MiB    | 1.33 MiB    
Compute intersecting pairs          | 00:00:01     | 0.044 s      | 0.983 s      | 48.88 MiB    | 2.29 MiB    
Generate face-covering clauses      | 00:00:00     | 0.015 s      | 0.351 s      | 45.19 MiB    | 1.99 MiB    
Solve SAT problem                   | 00:00:01     | 0.071 s      | 1.619 s      | 131.18 MiB   | 5.94 MiB    

