  Activating project at `~/Code/UniTriSat`
-
Test Dimension 5, Volume 6 on cpu
-
Run started at:                      14:31:16
Number of threads:                   1
Solve mode:                          Find First
Intersection backend selected:       cpu
Validation enabled:                  false
Number of polytopes found:           169
Restricting to unimodular simplices: true
Looking for regular triangulations:  true
Using Normaliz:                      false



Run finished: 14:31:28

----------------------------------------
Run Summary
----------------------------------------
Total Polytopes Processed:     169
Regularly Triangulatable:      [32m86[0m
Triangulatable:                [32m86[0m
Non-Triangulatable:            [31m83[0m
Total Run Time:                00:00:12
----------------------------------------
Step Name                           | Total Time   | Avg Time     | Max Time     | Max Memory   | Avg Memory  
------------------------------------------------------------------------------------------------------------
Compute all lattice points          | 00:00:03     | 0.020 s      | 1.896 s      | 184.18 MiB   | 4.20 MiB    
Compute unimodular simplices        | 00:00:00     | 0.000 s      | 0.007 s      | 289.15 KiB   | 21.40 KiB   
Compute internal faces              | 00:00:02     | 0.022 s      | 2.468 s      | 24.78 MiB    | 527.71 KiB  
Compute intersecting pairs          | 00:00:01     | 0.016 s      | 1.025 s      | 48.95 MiB    | 768.63 KiB  
Generate face-covering clauses      | 00:00:00     | 0.003 s      | 0.346 s      | 45.21 MiB    | 464.21 KiB  
Solve SAT problem                   | 00:00:01     | 0.016 s      | 1.652 s      | 131.39 MiB   | 1.52 MiB    

