  Activating project at `~/Code/UniTriSat`
-
Test Dimension 5, Volume 7 on cpu
-
Run started at:                      14:31:20
Number of threads:                   1
Solve mode:                          Find First
Intersection backend selected:       cpu
Validation enabled:                  false
Number of polytopes found:           163
Restricting to unimodular simplices: true
Looking for regular triangulations:  true
Using Normaliz:                      false



Run finished: 14:31:35

----------------------------------------
Run Summary
----------------------------------------
Total Polytopes Processed:     163
Regularly Triangulatable:      [32m90[0m
Triangulatable:                [32m90[0m
Non-Triangulatable:            [31m73[0m
Total Run Time:                00:00:14
----------------------------------------
Step Name                           | Total Time   | Avg Time     | Max Time     | Max Memory   | Avg Memory  
------------------------------------------------------------------------------------------------------------
Compute all lattice points          | 00:00:03     | 0.023 s      | 1.900 s      | 186.50 MiB   | 5.50 MiB    
Compute unimodular simplices        | 00:00:00     | 0.000 s      | 0.008 s      | 305.82 KiB   | 40.72 KiB   
Compute internal faces              | 00:00:02     | 0.018 s      | 2.498 s      | 24.85 MiB    | 507.37 KiB  
Compute intersecting pairs          | 00:00:03     | 0.026 s      | 1.029 s      | 49.15 MiB    | 822.75 KiB  
Generate face-covering clauses      | 00:00:00     | 0.003 s      | 0.364 s      | 45.25 MiB    | 405.46 KiB  
Solve SAT problem                   | 00:00:01     | 0.014 s      | 1.735 s      | 131.54 MiB   | 1.30 MiB    

