  Activating project at `~/Code/UniTriSat`
-
Test Dimension 6, Volume 11 on cpu
-
Run started at:                      14:37:17
Number of threads:                   1
Solve mode:                          Find First
Intersection backend selected:       cpu
Validation enabled:                  false
Number of polytopes found:           2249
Restricting to unimodular simplices: true
Looking for regular triangulations:  true
Using Normaliz:                      false



Run finished: 16:24:48

----------------------------------------
Run Summary
----------------------------------------
Total Polytopes Processed:     2249
Regularly Triangulatable:      [32m964[0m
Triangulatable:                [32m964[0m
Non-Triangulatable:            [31m1285[0m
Total Run Time:                01:47:31
----------------------------------------
Step Name                           | Total Time   | Avg Time     | Max Time     | Max Memory   | Avg Memory  
------------------------------------------------------------------------------------------------------------
Compute all lattice points          | 00:03:34     | 0.095 s      | 9.226 s      | 3.30 GiB     | 34.37 MiB   
Compute unimodular simplices        | 00:00:05     | 0.002 s      | 0.368 s      | 7.31 MiB     | 273.55 KiB  
Compute internal faces              | 00:00:07     | 0.003 s      | 2.307 s      | 25.77 MiB    | 522.68 KiB  
Compute intersecting pairs          | 01:43:13     | 2.969 s      | 877.732 s    | 223.08 MiB   | 2.49 MiB    
Generate face-covering clauses      | 00:00:01     | 0.001 s      | 0.348 s      | 45.46 MiB    | 256.13 KiB  
Solve SAT problem                   | 00:00:11     | 0.006 s      | 1.672 s      | 133.14 MiB   | 838.78 KiB  

