  Activating project at `~/Code/UniTriSat`
-
Test Dimension 6, Volume 13 on cpu
-
Run started at:                      14:38:05
Number of threads:                   1
Solve mode:                          Find First
Intersection backend selected:       cpu
Validation enabled:                  false
Number of polytopes found:           6622
Restricting to unimodular simplices: true
Looking for regular triangulations:  true
Using Normaliz:                      false



Run finished: 02:06:35

----------------------------------------
Run Summary
----------------------------------------
Total Polytopes Processed:     6622
Regularly Triangulatable:      [32m2675[0m
Triangulatable:                [32m2675[0m
Non-Triangulatable:            [31m3947[0m
Total Run Time:                11:28:29
----------------------------------------
Step Name                           | Total Time   | Avg Time     | Max Time     | Max Memory   | Avg Memory  
------------------------------------------------------------------------------------------------------------
Compute all lattice points          | 00:14:04     | 0.128 s      | 8.026 s      | 3.15 GiB     | 44.74 MiB   
Compute unimodular simplices        | 00:00:13     | 0.002 s      | 0.972 s      | 18.29 MiB    | 422.72 KiB  
Compute internal faces              | 00:00:18     | 0.003 s      | 2.386 s      | 25.77 MiB    | 546.78 KiB  
Compute intersecting pairs          | 11:12:12     | 6.401 s      | 4122.395 s   | 831.13 MiB   | 3.68 MiB    
Generate face-covering clauses      | 00:00:07     | 0.001 s      | 0.722 s      | 45.44 MiB    | 323.14 KiB  
Solve SAT problem                   | 00:00:35     | 0.006 s      | 1.636 s      | 133.19 MiB   | 948.01 KiB  

