  Activating project at `~/Code/UniTriSat`
Precompiling packages...
    UniTriSat Being precompiled by another machine (hostname: node814, pid: 17961, pidfile: /homes/numerik/lauff/.julia/compiled/v1.10/UniTriSat/jJmbR_KLCVs.ji.pidfile)
  20617.0 ms  ✓ UniTriSat
  1 dependency successfully precompiled in 22 seconds. 50 already precompiled.
-
Test Dimension 6, Volume 4 on cpu
-
Run started at:                      14:32:59
Number of threads:                   1
Solve mode:                          Find First
Intersection backend selected:       cpu
Validation enabled:                  false
Number of polytopes found:           48
Restricting to unimodular simplices: true
Looking for regular triangulations:  true
Using Normaliz:                      false



Run finished: 14:33:10

----------------------------------------
Run Summary
----------------------------------------
Total Polytopes Processed:     48
Regularly Triangulatable:      [32m22[0m
Triangulatable:                [32m22[0m
Non-Triangulatable:            [31m26[0m
Total Run Time:                00:00:10
----------------------------------------
Step Name                           | Total Time   | Avg Time     | Max Time     | Max Memory   | Avg Memory  
------------------------------------------------------------------------------------------------------------
Compute all lattice points          | 00:00:02     | 0.048 s      | 1.887 s      | 184.92 MiB   | 7.68 MiB    
Compute unimodular simplices        | 00:00:00     | 0.000 s      | 0.006 s      | 239.05 KiB   | 17.27 KiB   
Compute internal faces              | 00:00:02     | 0.103 s      | 2.394 s      | 25.63 MiB    | 1.42 MiB    
Compute intersecting pairs          | 00:00:02     | 0.090 s      | 1.694 s      | 59.69 MiB    | 2.84 MiB    
Generate face-covering clauses      | 00:00:00     | 0.015 s      | 0.348 s      | 45.38 MiB    | 1.93 MiB    
Solve SAT problem                   | 00:00:01     | 0.068 s      | 1.620 s      | 131.71 MiB   | 5.79 MiB    

