  Activating project at `~/Code/UniTriSat`
-
Test Dimension 6, Volume 9 on cpu
-
Run started at:                      14:33:12
Number of threads:                   1
Solve mode:                          Find First
Intersection backend selected:       cpu
Validation enabled:                  false
Number of polytopes found:           970
Restricting to unimodular simplices: true
Looking for regular triangulations:  true
Using Normaliz:                      false



Run finished: 14:46:58

----------------------------------------
Run Summary
----------------------------------------
Total Polytopes Processed:     970
Regularly Triangulatable:      [32m392[0m
Triangulatable:                [32m392[0m
Non-Triangulatable:            [31m578[0m
Total Run Time:                00:13:45
----------------------------------------
Step Name                           | Total Time   | Avg Time     | Max Time     | Max Memory   | Avg Memory  
------------------------------------------------------------------------------------------------------------
Compute all lattice points          | 00:01:02     | 0.065 s      | 1.941 s      | 718.17 MiB   | 23.96 MiB   
Compute unimodular simplices        | 00:00:00     | 0.001 s      | 0.136 s      | 2.45 MiB     | 123.64 KiB  
Compute internal faces              | 00:00:03     | 0.005 s      | 2.455 s      | 25.77 MiB    | 507.13 KiB  
Compute intersecting pairs          | 00:12:26     | 1.025 s      | 135.654 s    | 61.88 MiB    | 1.59 MiB    
Generate face-covering clauses      | 00:00:00     | 0.001 s      | 0.381 s      | 45.62 MiB    | 220.20 KiB  
Solve SAT problem                   | 00:00:04     | 0.006 s      | 1.643 s      | 132.40 MiB   | 865.37 KiB  

