  Activating project at `~/Code/UniTriSat`
-
Test Dimension 5, Volume 10 on cpu
-
Run started at:                      14:31:36
Number of threads:                   1
Solve mode:                          Find First
Intersection backend selected:       cpu
Validation enabled:                  false
Number of polytopes found:           1737
Restricting to unimodular simplices: true
Looking for regular triangulations:  true
Using Normaliz:                      false



Run finished: 14:34:05

----------------------------------------
Run Summary
----------------------------------------
Total Polytopes Processed:     1737
Regularly Triangulatable:      [32m841[0m
Triangulatable:                [32m841[0m
Non-Triangulatable:            [31m896[0m
Total Run Time:                00:02:28
----------------------------------------
Step Name                           | Total Time   | Avg Time     | Max Time     | Max Memory   | Avg Memory  
------------------------------------------------------------------------------------------------------------
Compute all lattice points          | 00:00:36     | 0.021 s      | 1.957 s      | 185.17 MiB   | 7.24 MiB    
Compute unimodular simplices        | 00:00:00     | 0.000 s      | 0.007 s      | 1.40 MiB     | 72.80 KiB   
Compute internal faces              | 00:00:04     | 0.003 s      | 2.398 s      | 24.86 MiB    | 389.27 KiB  
Compute intersecting pairs          | 00:01:28     | 0.061 s      | 10.395 s     | 51.54 MiB    | 915.21 KiB  
Generate face-covering clauses      | 00:00:00     | 0.001 s      | 0.369 s      | 45.65 MiB    | 183.46 KiB  
Solve SAT problem                   | 00:00:05     | 0.004 s      | 1.679 s      | 131.93 MiB   | 747.33 KiB  

