  Activating project at `~/Code/UniTriSat`
-
Test Dimension 5, Volume 11 on cpu
-
Run started at:                      14:31:40
Number of threads:                   1
Solve mode:                          Find First
Intersection backend selected:       cpu
Validation enabled:                  false
Number of polytopes found:           1743
Restricting to unimodular simplices: true
Looking for regular triangulations:  true
Using Normaliz:                      false



Run finished: 14:35:59

----------------------------------------
Run Summary
----------------------------------------
Total Polytopes Processed:     1743
Regularly Triangulatable:      [32m869[0m
Triangulatable:                [32m869[0m
Non-Triangulatable:            [31m874[0m
Total Run Time:                00:04:18
----------------------------------------
Step Name                           | Total Time   | Avg Time     | Max Time     | Max Memory   | Avg Memory  
------------------------------------------------------------------------------------------------------------
Compute all lattice points          | 00:00:40     | 0.023 s      | 1.945 s      | 205.19 MiB   | 8.33 MiB    
Compute unimodular simplices        | 00:00:00     | 0.000 s      | 0.128 s      | 2.15 MiB     | 114.50 KiB  
Compute internal faces              | 00:00:04     | 0.003 s      | 2.389 s      | 24.78 MiB    | 407.72 KiB  
Compute intersecting pairs          | 00:03:09     | 0.113 s      | 19.692 s     | 69.18 MiB    | 1.21 MiB    
Generate face-covering clauses      | 00:00:01     | 0.001 s      | 0.376 s      | 45.86 MiB    | 220.13 KiB  
Solve SAT problem                   | 00:00:06     | 0.004 s      | 1.694 s      | 132.10 MiB   | 745.36 KiB  

