  Activating project at `~/Code/UniTriSat`
-
Test Dimension 5, Volume 12 on cpu
-
Run started at:                      14:31:42
Number of threads:                   1
Solve mode:                          Find First
Intersection backend selected:       cpu
Validation enabled:                  false
Number of polytopes found:           6294
Restricting to unimodular simplices: true
Looking for regular triangulations:  true
Using Normaliz:                      false



Run finished: 14:44:12

----------------------------------------
Run Summary
----------------------------------------
Total Polytopes Processed:     6294
Regularly Triangulatable:      [32m2790[0m
Triangulatable:                [32m2790[0m
Non-Triangulatable:            [31m3504[0m
Total Run Time:                00:12:29
----------------------------------------
Step Name                           | Total Time   | Avg Time     | Max Time     | Max Memory   | Avg Memory  
------------------------------------------------------------------------------------------------------------
Compute all lattice points          | 00:02:34     | 0.025 s      | 1.930 s      | 328.84 MiB   | 8.89 MiB    
Compute unimodular simplices        | 00:00:01     | 0.000 s      | 0.223 s      | 3.24 MiB     | 95.99 KiB   
Compute internal faces              | 00:00:09     | 0.002 s      | 2.475 s      | 24.83 MiB    | 399.41 KiB  
Compute intersecting pairs          | 00:08:33     | 0.103 s      | 37.402 s     | 119.74 MiB   | 1.17 MiB    
Generate face-covering clauses      | 00:00:03     | 0.001 s      | 0.355 s      | 45.25 MiB    | 210.33 KiB  
Solve SAT problem                   | 00:00:18     | 0.004 s      | 1.702 s      | 132.36 MiB   | 889.77 KiB  

