  Activating project at `~/Code/UniTriSat`
ERROR: LoadError: Unable to find compatible target in cached code image.
Target 0 (cascadelake): Rejecting this target due to use of runtime-disabled features

Stacktrace:
  [1] _include_from_serialized(pkg::Base.PkgId, path::String, ocachepath::String, depmods::Vector{Any})
    @ Base ./loading.jl:1117
  [2] _require_search_from_serialized(pkg::Base.PkgId, sourcepath::String, build_id::UInt128)
    @ Base ./loading.jl:1651
  [3] _require(pkg::Base.PkgId, env::String)
    @ Base ./loading.jl:2008
  [4] __require_prelocked(uuidkey::Base.PkgId, env::String)
    @ Base ./loading.jl:1882
  [5] #invoke_in_world#3
    @ ./essentials.jl:926 [inlined]
  [6] invoke_in_world
    @ ./essentials.jl:923 [inlined]
  [7] _require_prelocked(uuidkey::Base.PkgId, env::String)
    @ Base ./loading.jl:1873
  [8] macro expansion
    @ ./loading.jl:1860 [inlined]
  [9] macro expansion
    @ ./lock.jl:267 [inlined]
 [10] __require(into::Module, mod::Symbol)
    @ Base ./loading.jl:1823
 [11] #invoke_in_world#3
    @ ./essentials.jl:926 [inlined]
 [12] invoke_in_world
    @ ./essentials.jl:923 [inlined]
 [13] require(into::Module, mod::Symbol)
    @ Base ./loading.jl:1816
in expression starting at /homes/numerik/lauff/Code/UniTriSat/by_volume_run.jl:7
