  Activating project at `~/Code/UniTriSat`
Precompiling packages...
    UniTriSat Being precompiled by another process (pid: 16678, pidfile: /homes/numerik/lauff/.julia/compiled/v1.10/UniTriSat/jJmbR_KLCVs.ji.pidfile)
  10696.9 ms  ✓ UniTriSat
  1 dependency successfully precompiled in 12 seconds. 50 already precompiled.
-
Test Dimension 5, Volume 3 on cpu
-
Run started at:                      14:31:38
Number of threads:                   1
Solve mode:                          Find First
Intersection backend selected:       cpu
Validation enabled:                  false
Number of polytopes found:           10
Restricting to unimodular simplices: true
Looking for regular triangulations:  true
Using Normaliz:                      false



Run finished: 14:31:48

----------------------------------------
Run Summary
----------------------------------------
Total Polytopes Processed:     10
Regularly Triangulatable:      [32m6[0m
Triangulatable:                [32m6[0m
Non-Triangulatable:            [31m4[0m
Total Run Time:                00:00:08
----------------------------------------
Step Name                           | Total Time   | Avg Time     | Max Time     | Max Memory   | Avg Memory  
------------------------------------------------------------------------------------------------------------
Compute all lattice points          | 00:00:01     | 0.195 s      | 1.932 s      | 183.97 MiB   | 19.30 MiB   
Compute unimodular simplices        | 00:00:00     | 0.001 s      | 0.007 s      | 283.59 KiB   | 32.14 KiB   
Compute internal faces              | 00:00:02     | 0.404 s      | 2.418 s      | 24.72 MiB    | 4.33 MiB    
Compute intersecting pairs          | 00:00:01     | 0.169 s      | 1.014 s      | 48.87 MiB    | 8.24 MiB    
Generate face-covering clauses      | 00:00:00     | 0.057 s      | 0.344 s      | 45.18 MiB    | 7.55 MiB    
Solve SAT problem                   | 00:00:01     | 0.281 s      | 1.684 s      | 131.10 MiB   | 21.99 MiB   

