  Activating project at `~/Code/UniTriSat`
Precompiling packages...
    UniTriSat Being precompiled by another process (pid: 15561, pidfile: /homes/numerik/lauff/.julia/compiled/v1.10/UniTriSat/jJmbR_KLCVs.ji.pidfile)
  23970.9 ms  ✓ UniTriSat
  1 dependency successfully precompiled in 25 seconds. 50 already precompiled.
  1 dependency had output during precompilation:
┌ UniTriSat
│  ===================== WARNING ======================
│  Normaliz not available; using CDDLib lattice point enumeration instead.
│  This is slower, but not the bottleneck, so it should be OK.
│  You can find Normaliz.jl at https://github.com/Normaliz/Normaliz.jl
│  You may have to downgrade your Julia version for Normaliz to work.
│  There is also the lattice_points_via_Oscar function available in basic_computation.jl
│  ====================================================
└  
-
Test Dimension 6, Volume 1 on cpu
-
Run started at:                      14:32:51
Number of threads:                   1
Solve mode:                          Find First
Intersection backend selected:       cpu
Validation enabled:                  false
Number of polytopes found:           1
Restricting to unimodular simplices: true
Looking for regular triangulations:  true
Using Normaliz:                      false



Run finished: 14:32:58

----------------------------------------
Run Summary
----------------------------------------
Total Polytopes Processed:     1
Regularly Triangulatable:      [32m1[0m
Triangulatable:                [32m1[0m
Non-Triangulatable:            [31m0[0m
Total Run Time:                00:00:06
----------------------------------------
Step Name                           | Total Time   | Avg Time     | Max Time     | Max Memory   | Avg Memory  
------------------------------------------------------------------------------------------------------------
Compute all lattice points          | 00:00:01     | 1.978 s      | 1.978 s      | 184.31 MiB   | 184.31 MiB  
Compute unimodular simplices        | 00:00:00     | 0.008 s      | 0.008 s      | 282.29 KiB   | 282.29 KiB  
Compute internal faces              | 00:00:02     | 2.392 s      | 2.392 s      | 19.23 MiB    | 19.23 MiB   
Compute intersecting pairs          | 00:00:00     | 0.866 s      | 0.866 s      | 38.39 MiB    | 38.39 MiB   
Generate face-covering clauses      | 00:00:00     | 0.328 s      | 0.328 s      | 46.05 MiB    | 46.05 MiB   
Solve SAT problem                   | 00:00:00     | 0.038 s      | 0.038 s      | 1.62 MiB     | 1.62 MiB    

