  Activating project at `~/Code/UniTriSat`
Precompiling packages...
    UniTriSat Being precompiled by another process (pid: 15561, pidfile: /homes/numerik/lauff/.julia/compiled/v1.10/UniTriSat/jJmbR_KLCVs.ji.pidfile)
  30712.6 ms  ✓ UniTriSat
  1 dependency successfully precompiled in 32 seconds. 50 already precompiled.
-
Test Dimension 6, Volume 2 on cpu
-
Run started at:                      14:32:58
Number of threads:                   1
Solve mode:                          Find First
Intersection backend selected:       cpu
Validation enabled:                  false
Number of polytopes found:           4
Restricting to unimodular simplices: true
Looking for regular triangulations:  true
Using Normaliz:                      false



Run finished: 14:33:08

----------------------------------------
Run Summary
----------------------------------------
Total Polytopes Processed:     4
Regularly Triangulatable:      [32m2[0m
Triangulatable:                [32m2[0m
Non-Triangulatable:            [31m2[0m
Total Run Time:                00:00:09
----------------------------------------
Step Name                           | Total Time   | Avg Time     | Max Time     | Max Memory   | Avg Memory  
------------------------------------------------------------------------------------------------------------
Compute all lattice points          | 00:00:01     | 0.485 s      | 1.931 s      | 184.67 MiB   | 47.17 MiB   
Compute unimodular simplices        | 00:00:00     | 0.002 s      | 0.005 s      | 238.93 KiB   | 72.92 KiB   
Compute internal faces              | 00:00:02     | 1.211 s      | 2.421 s      | 25.57 MiB    | 12.95 MiB   
Compute intersecting pairs          | 00:00:01     | 0.893 s      | 1.783 s      | 59.62 MiB    | 29.89 MiB   
Generate face-covering clauses      | 00:00:00     | 0.184 s      | 0.368 s      | 45.37 MiB    | 22.69 MiB   
Solve SAT problem                   | 00:00:01     | 0.852 s      | 1.704 s      | 131.36 MiB   | 65.74 MiB   

