  Activating project at `~/Code/UniTriSat`
Precompiling packages...
    UniTriSat Being precompiled by another process (pid: 17961, pidfile: /homes/numerik/lauff/.julia/compiled/v1.10/UniTriSat/jJmbR_KLCVs.ji.pidfile)
  20809.6 ms  ✓ UniTriSat
  1 dependency successfully precompiled in 22 seconds. 50 already precompiled.
-
Test Dimension 6, Volume 5 on cpu
-
Run started at:                      14:33:01
Number of threads:                   1
Solve mode:                          Find First
Intersection backend selected:       cpu
Validation enabled:                  false
Number of polytopes found:           51
Restricting to unimodular simplices: true
Looking for regular triangulations:  true
Using Normaliz:                      false



Run finished: 14:33:15

----------------------------------------
Run Summary
----------------------------------------
Total Polytopes Processed:     51
Regularly Triangulatable:      [32m27[0m
Triangulatable:                [32m27[0m
Non-Triangulatable:            [31m24[0m
Total Run Time:                00:00:13
----------------------------------------
Step Name                           | Total Time   | Avg Time     | Max Time     | Max Memory   | Avg Memory  
------------------------------------------------------------------------------------------------------------
Compute all lattice points          | 00:00:02     | 0.055 s      | 1.893 s      | 184.67 MiB   | 10.64 MiB   
Compute unimodular simplices        | 00:00:00     | 0.000 s      | 0.005 s      | 357.65 KiB   | 32.42 KiB   
Compute internal faces              | 00:00:02     | 0.068 s      | 2.415 s      | 25.66 MiB    | 1.09 MiB    
Compute intersecting pairs          | 00:00:04     | 0.136 s      | 1.779 s      | 60.05 MiB    | 2.23 MiB    
Generate face-covering clauses      | 00:00:00     | 0.010 s      | 0.353 s      | 45.41 MiB    | 1.32 MiB    
Solve SAT problem                   | 00:00:01     | 0.047 s      | 1.644 s      | 131.64 MiB   | 4.03 MiB    

