  Activating project at `~/Code/UniTriSat`
-
Test Dimension 6, Volume 6 on cpu
-
Run started at:                      14:32:52
Number of threads:                   1
Solve mode:                          Find First
Intersection backend selected:       cpu
Validation enabled:                  false
Number of polytopes found:           228
Restricting to unimodular simplices: true
Looking for regular triangulations:  true
Using Normaliz:                      false



Run finished: 14:33:31

----------------------------------------
Run Summary
----------------------------------------
Total Polytopes Processed:     228
Regularly Triangulatable:      [32m94[0m
Triangulatable:                [32m94[0m
Non-Triangulatable:            [31m134[0m
Total Run Time:                00:00:38
----------------------------------------
Step Name                           | Total Time   | Avg Time     | Max Time     | Max Memory   | Avg Memory  
------------------------------------------------------------------------------------------------------------
Compute all lattice points          | 00:00:09     | 0.040 s      | 1.975 s      | 205.08 MiB   | 11.66 MiB   
Compute unimodular simplices        | 00:00:00     | 0.000 s      | 0.006 s      | 524.24 KiB   | 34.27 KiB   
Compute internal faces              | 00:00:02     | 0.020 s      | 2.367 s      | 25.68 MiB    | 614.76 KiB  
Compute intersecting pairs          | 00:00:22     | 0.173 s      | 7.241 s      | 60.42 MiB    | 1.20 MiB    
Generate face-covering clauses      | 00:00:00     | 0.003 s      | 0.360 s      | 45.45 MiB    | 440.47 KiB  
Solve SAT problem                   | 00:00:01     | 0.015 s      | 1.683 s      | 131.75 MiB   | 1.50 MiB    

