  Activating project at `~/Code/UniTriSat`
-
Test Dimension 6, Volume 7 on cpu
-
Run started at:                      14:37:45
Number of threads:                   1
Solve mode:                          Find First
Intersection backend selected:       cpu
Validation enabled:                  false
Number of polytopes found:           204
Restricting to unimodular simplices: true
Looking for regular triangulations:  true
Using Normaliz:                      false



Run finished: 14:39:07

----------------------------------------
Run Summary
----------------------------------------
Total Polytopes Processed:     204
Regularly Triangulatable:      [32m97[0m
Triangulatable:                [32m97[0m
Non-Triangulatable:            [31m107[0m
Total Run Time:                00:01:22
----------------------------------------
Step Name                           | Total Time   | Avg Time     | Max Time     | Max Memory   | Avg Memory  
------------------------------------------------------------------------------------------------------------
Compute all lattice points          | 00:00:10     | 0.051 s      | 1.998 s      | 212.53 MiB   | 15.33 MiB   
Compute unimodular simplices        | 00:00:00     | 0.000 s      | 0.007 s      | 687.69 KiB   | 76.65 KiB   
Compute internal faces              | 00:00:02     | 0.016 s      | 2.451 s      | 25.63 MiB    | 596.02 KiB  
Compute intersecting pairs          | 00:01:04     | 0.385 s      | 21.543 s     | 59.65 MiB    | 1.34 MiB    
Generate face-covering clauses      | 00:00:00     | 0.003 s      | 0.382 s      | 45.38 MiB    | 382.66 KiB  
Solve SAT problem                   | 00:00:02     | 0.013 s      | 1.708 s      | 132.00 MiB   | 1.26 MiB    

