  Activating project at `~/Code/UniTriSat`
-
Test Dimension 3, Volume 10 on cpu
-
Run started at:                      14:28:04
Number of threads:                   1
Solve mode:                          Find First
Intersection backend selected:       cpu
Validation enabled:                  false
Number of polytopes found:           368
Restricting to unimodular simplices: true
Looking for regular triangulations:  true
Using Normaliz:                      false



Run finished: 14:28:19

----------------------------------------
Run Summary
----------------------------------------
Total Polytopes Processed:     368
Regularly Triangulatable:      [32m290[0m
Triangulatable:                [32m290[0m
Non-Triangulatable:            [31m78[0m
Total Run Time:                00:00:14
----------------------------------------
Step Name                           | Total Time   | Avg Time     | Max Time     | Max Memory   | Avg Memory  
------------------------------------------------------------------------------------------------------------
Compute all lattice points          | 00:00:02     | 0.007 s      | 1.971 s      | 179.72 MiB   | 967.73 KiB  
Compute unimodular simplices        | 00:00:00     | 0.000 s      | 0.035 s      | 127.83 KiB   | 22.13 KiB   
Compute internal faces              | 00:00:02     | 0.008 s      | 2.529 s      | 23.94 MiB    | 272.54 KiB  
Compute intersecting pairs          | 00:00:00     | 0.003 s      | 0.707 s      | 38.70 MiB    | 321.27 KiB  
Generate face-covering clauses      | 00:00:00     | 0.001 s      | 0.374 s      | 45.04 MiB    | 229.51 KiB  
Solve SAT problem                   | 00:00:02     | 0.007 s      | 1.829 s      | 131.09 MiB   | 886.11 KiB  

