  Activating project at `~/Code/UniTriSat`
-
Test Dimension 3, Volume 17 on cpu
-
Run started at:                      14:29:35
Number of threads:                   1
Solve mode:                          Find First
Intersection backend selected:       cpu
Validation enabled:                  false
Number of polytopes found:           4983
Restricting to unimodular simplices: true
Looking for regular triangulations:  true
Using Normaliz:                      false



Run finished: 14:32:14

----------------------------------------
Run Summary
----------------------------------------
Total Polytopes Processed:     4983
Regularly Triangulatable:      [32m3783[0m
Triangulatable:                [32m3784[0m
Non-Triangulatable:            [31m1199[0m
Total Run Time:                00:02:38
----------------------------------------
Step Name                           | Total Time   | Avg Time     | Max Time     | Max Memory   | Avg Memory  
------------------------------------------------------------------------------------------------------------
Compute all lattice points          | 00:00:13     | 0.003 s      | 2.320 s      | 179.87 MiB   | 778.51 KiB  
Compute unimodular simplices        | 00:00:00     | 0.000 s      | 0.033 s      | 727.50 KiB   | 65.22 KiB   
Compute internal faces              | 00:00:07     | 0.002 s      | 2.972 s      | 23.91 MiB    | 291.70 KiB  
Compute intersecting pairs          | 00:00:19     | 0.004 s      | 0.846 s      | 38.70 MiB    | 838.03 KiB  
Generate face-covering clauses      | 00:00:05     | 0.001 s      | 0.408 s      | 45.05 MiB    | 320.02 KiB  
Solve SAT problem                   | 00:00:30     | 0.006 s      | 2.054 s      | 131.71 MiB   | 1.17 MiB    

