  Activating project at `~/Code/UniTriSat`
-
Test Dimension 3, Volume 1 on cpu
-
Run started at:                      14:27:43
Number of threads:                   1
Solve mode:                          Find First
Intersection backend selected:       cpu
Validation enabled:                  false
Number of polytopes found:           1
Restricting to unimodular simplices: true
Looking for regular triangulations:  true
Using Normaliz:                      false



Run finished: 14:27:50

----------------------------------------
Run Summary
----------------------------------------
Total Polytopes Processed:     1
Regularly Triangulatable:      [32m1[0m
Triangulatable:                [32m1[0m
Non-Triangulatable:            [31m0[0m
Total Run Time:                00:00:06
----------------------------------------
Step Name                           | Total Time   | Avg Time     | Max Time     | Max Memory   | Avg Memory  
------------------------------------------------------------------------------------------------------------
Compute all lattice points          | 00:00:02     | 2.073 s      | 2.073 s      | 179.44 MiB   | 179.44 MiB  
Compute unimodular simplices        | 00:00:00     | 0.007 s      | 0.007 s      | 3.94 KiB     | 3.94 KiB    
Compute internal faces              | 00:00:02     | 2.563 s      | 2.563 s      | 19.00 MiB    | 19.00 MiB   
Compute intersecting pairs          | 00:00:00     | 0.585 s      | 0.585 s      | 27.70 MiB    | 27.70 MiB   
Generate face-covering clauses      | 00:00:00     | 0.331 s      | 0.331 s      | 44.45 MiB    | 44.45 MiB   
Solve SAT problem                   | 00:00:00     | 0.041 s      | 0.041 s      | 1.62 MiB     | 1.62 MiB    

