  Activating project at `~/Code/UniTriSat`
-
Test Dimension 3, Volume 11 on cpu
-
Run started at:                      14:30:23
Number of threads:                   1
Solve mode:                          Find First
Intersection backend selected:       cpu
Validation enabled:                  false
Number of polytopes found:           414
Restricting to unimodular simplices: true
Looking for regular triangulations:  true
Using Normaliz:                      false



Run finished: 14:30:40

----------------------------------------
Run Summary
----------------------------------------
Total Polytopes Processed:     414
Regularly Triangulatable:      [32m323[0m
Triangulatable:                [32m323[0m
Non-Triangulatable:            [31m91[0m
Total Run Time:                00:00:15
----------------------------------------
Step Name                           | Total Time   | Avg Time     | Max Time     | Max Memory   | Avg Memory  
------------------------------------------------------------------------------------------------------------
Compute all lattice points          | 00:00:02     | 0.007 s      | 2.106 s      | 179.75 MiB   | 995.93 KiB  
Compute unimodular simplices        | 00:00:00     | 0.000 s      | 0.006 s      | 165.97 KiB   | 28.23 KiB   
Compute internal faces              | 00:00:02     | 0.007 s      | 2.502 s      | 23.95 MiB    | 280.98 KiB  
Compute intersecting pairs          | 00:00:01     | 0.003 s      | 0.683 s      | 38.71 MiB    | 382.92 KiB  
Generate face-covering clauses      | 00:00:00     | 0.001 s      | 0.370 s      | 45.04 MiB    | 242.78 KiB  
Solve SAT problem                   | 00:00:02     | 0.007 s      | 1.754 s      | 131.17 MiB   | 911.25 KiB  

