  Activating project at `~/Code/UniTriSat`
-
Test Dimension 3, Volume 12 on cpu
-
Run started at:                      14:27:33
Number of threads:                   1
Solve mode:                          Find First
Intersection backend selected:       cpu
Validation enabled:                  false
Number of polytopes found:           961
Restricting to unimodular simplices: true
Looking for regular triangulations:  true
Using Normaliz:                      false



Run finished: 14:28:00

----------------------------------------
Run Summary
----------------------------------------
Total Polytopes Processed:     961
Regularly Triangulatable:      [32m745[0m
Triangulatable:                [32m745[0m
Non-Triangulatable:            [31m216[0m
Total Run Time:                00:00:26
----------------------------------------
Step Name                           | Total Time   | Avg Time     | Max Time     | Max Memory   | Avg Memory  
------------------------------------------------------------------------------------------------------------
Compute all lattice points          | 00:00:03     | 0.004 s      | 1.914 s      | 179.78 MiB   | 717.61 KiB  
Compute unimodular simplices        | 00:00:00     | 0.000 s      | 0.031 s      | 214.52 KiB   | 30.88 KiB   
Compute internal faces              | 00:00:03     | 0.003 s      | 2.516 s      | 23.97 MiB    | 249.43 KiB  
Compute intersecting pairs          | 00:00:01     | 0.002 s      | 0.687 s      | 38.71 MiB    | 346.73 KiB  
Generate face-covering clauses      | 00:00:00     | 0.001 s      | 0.384 s      | 45.05 MiB    | 189.11 KiB  
Solve SAT problem                   | 00:00:04     | 0.005 s      | 1.793 s      | 131.25 MiB   | 828.85 KiB  

