  Activating project at `~/Code/UniTriSat`
-
Test Dimension 3, Volume 14 on cpu
-
Run started at:                      14:28:24
Number of threads:                   1
Solve mode:                          Find First
Intersection backend selected:       cpu
Validation enabled:                  false
Number of polytopes found:           1929
Restricting to unimodular simplices: true
Looking for regular triangulations:  true
Using Normaliz:                      false



Run finished: 14:29:16

----------------------------------------
Run Summary
----------------------------------------
Total Polytopes Processed:     1929
Regularly Triangulatable:      [32m1506[0m
Triangulatable:                [32m1506[0m
Non-Triangulatable:            [31m423[0m
Total Run Time:                00:00:51
----------------------------------------
Step Name                           | Total Time   | Avg Time     | Max Time     | Max Memory   | Avg Memory  
------------------------------------------------------------------------------------------------------------
Compute all lattice points          | 00:00:05     | 0.003 s      | 1.944 s      | 179.83 MiB   | 719.01 KiB  
Compute unimodular simplices        | 00:00:00     | 0.000 s      | 0.007 s      | 348.14 KiB   | 43.19 KiB   
Compute internal faces              | 00:00:03     | 0.002 s      | 2.492 s      | 23.99 MiB    | 262.47 KiB  
Compute intersecting pairs          | 00:00:04     | 0.002 s      | 0.734 s      | 38.72 MiB    | 490.35 KiB  
Generate face-covering clauses      | 00:00:01     | 0.001 s      | 0.339 s      | 45.05 MiB    | 225.63 KiB  
Solve SAT problem                   | 00:00:09     | 0.005 s      | 1.827 s      | 131.43 MiB   | 945.51 KiB  

