  Activating project at `~/Code/UniTriSat`
-
Test Dimension 3, Volume 15 on cpu
-
Run started at:                      14:28:44
Number of threads:                   1
Solve mode:                          Find First
Intersection backend selected:       cpu
Validation enabled:                  false
Number of polytopes found:           2409
Restricting to unimodular simplices: true
Looking for regular triangulations:  true
Using Normaliz:                      false



Run finished: 14:29:51

----------------------------------------
Run Summary
----------------------------------------
Total Polytopes Processed:     2409
Regularly Triangulatable:      [32m1835[0m
Triangulatable:                [32m1835[0m
Non-Triangulatable:            [31m574[0m
Total Run Time:                00:01:06
----------------------------------------
Step Name                           | Total Time   | Avg Time     | Max Time     | Max Memory   | Avg Memory  
------------------------------------------------------------------------------------------------------------
Compute all lattice points          | 00:00:06     | 0.003 s      | 2.060 s      | 180.71 MiB   | 746.82 KiB  
Compute unimodular simplices        | 00:00:00     | 0.000 s      | 0.041 s      | 437.64 KiB   | 49.86 KiB   
Compute internal faces              | 00:00:04     | 0.002 s      | 2.613 s      | 23.96 MiB    | 272.23 KiB  
Compute intersecting pairs          | 00:00:06     | 0.003 s      | 0.764 s      | 38.89 MiB    | 600.79 KiB  
Generate face-covering clauses      | 00:00:02     | 0.001 s      | 0.359 s      | 45.15 MiB    | 254.93 KiB  
Solve SAT problem                   | 00:00:11     | 0.005 s      | 1.860 s      | 131.76 MiB   | 1004.34 KiB 

