  Activating project at `~/Code/UniTriSat`
-
Test Dimension 3, Volume 18 on cpu
-
Run started at:                      14:29:25
Number of threads:                   1
Solve mode:                          Find First
Intersection backend selected:       cpu
Validation enabled:                  false
Number of polytopes found:           8586
Restricting to unimodular simplices: true
Looking for regular triangulations:  true
Using Normaliz:                      false



Run finished: 14:34:05

----------------------------------------
Run Summary
----------------------------------------
Total Polytopes Processed:     8586
Regularly Triangulatable:      [32m6626[0m
Triangulatable:                [32m6627[0m
Non-Triangulatable:            [31m1959[0m
Total Run Time:                00:04:39
----------------------------------------
Step Name                           | Total Time   | Avg Time     | Max Time     | Max Memory   | Avg Memory  
------------------------------------------------------------------------------------------------------------
Compute all lattice points          | 00:00:21     | 0.002 s      | 2.177 s      | 180.09 MiB   | 765.67 KiB  
Compute unimodular simplices        | 00:00:01     | 0.000 s      | 0.040 s      | 876.23 KiB   | 72.48 KiB   
Compute internal faces              | 00:00:11     | 0.001 s      | 2.877 s      | 23.91 MiB    | 295.38 KiB  
Compute intersecting pairs          | 00:00:36     | 0.004 s      | 0.774 s      | 38.72 MiB    | 922.85 KiB  
Generate face-covering clauses      | 00:00:09     | 0.001 s      | 0.406 s      | 45.06 MiB    | 343.87 KiB  
Solve SAT problem                   | 00:00:57     | 0.007 s      | 1.929 s      | 131.82 MiB   | 1.31 MiB    

