  Activating project at `~/Code/UniTriSat`
-
Test Dimension 3, Volume 19 on cpu
-
Run started at:                      14:29:14
Number of threads:                   1
Solve mode:                          Find First
Intersection backend selected:       cpu
Validation enabled:                  false
Number of polytopes found:           10186
Restricting to unimodular simplices: true
Looking for regular triangulations:  true
Using Normaliz:                      false



Run finished: 14:35:16

----------------------------------------
Run Summary
----------------------------------------
Total Polytopes Processed:     10186
Regularly Triangulatable:      [32m7769[0m
Triangulatable:                [32m7771[0m
Non-Triangulatable:            [31m2415[0m
Total Run Time:                00:06:01
----------------------------------------
Step Name                           | Total Time   | Avg Time     | Max Time     | Max Memory   | Avg Memory  
------------------------------------------------------------------------------------------------------------
Compute all lattice points          | 00:00:26     | 0.003 s      | 2.075 s      | 179.98 MiB   | 824.40 KiB  
Compute unimodular simplices        | 00:00:01     | 0.000 s      | 0.039 s      | 1.02 MiB     | 83.06 KiB   
Compute internal faces              | 00:00:13     | 0.001 s      | 2.743 s      | 24.06 MiB    | 313.01 KiB  
Compute intersecting pairs          | 00:00:57     | 0.006 s      | 0.749 s      | 40.19 MiB    | 1.12 MiB    
Generate face-covering clauses      | 00:00:13     | 0.001 s      | 0.406 s      | 45.06 MiB    | 400.49 KiB  
Solve SAT problem                   | 00:01:13     | 0.007 s      | 1.928 s      | 131.92 MiB   | 1.40 MiB    

