  Activating project at `~/Code/UniTriSat`
-
Test Dimension 3, Volume 20 on cpu
-
Run started at:                      14:26:53
Number of threads:                   1
Solve mode:                          Find First
Intersection backend selected:       cpu
Validation enabled:                  false
Number of polytopes found:           16708
Restricting to unimodular simplices: true
Looking for regular triangulations:  true
Using Normaliz:                      false



Run finished: 14:37:03

----------------------------------------
Run Summary
----------------------------------------
Total Polytopes Processed:     16708
Regularly Triangulatable:      [32m12954[0m
Triangulatable:                [32m12957[0m
Non-Triangulatable:            [31m3751[0m
Total Run Time:                00:10:09
----------------------------------------
Step Name                           | Total Time   | Avg Time     | Max Time     | Max Memory   | Avg Memory  
------------------------------------------------------------------------------------------------------------
Compute all lattice points          | 00:00:39     | 0.002 s      | 1.927 s      | 180.00 MiB   | 819.80 KiB  
Compute unimodular simplices        | 00:00:02     | 0.000 s      | 0.047 s      | 1.22 MiB     | 91.19 KiB   
Compute internal faces              | 00:00:18     | 0.001 s      | 2.441 s      | 24.07 MiB    | 318.98 KiB  
Compute intersecting pairs          | 00:01:39     | 0.006 s      | 0.717 s      | 50.92 MiB    | 1.23 MiB    
Generate face-covering clauses      | 00:00:22     | 0.001 s      | 0.368 s      | 45.06 MiB    | 429.47 KiB  
Solve SAT problem                   | 00:02:12     | 0.008 s      | 1.729 s      | 132.04 MiB   | 1.57 MiB    

