  Activating project at `~/Code/UniTriSat`
-
Test Dimension 3, Volume 24 on cpu
-
Run started at:                      14:26:24
Number of threads:                   1
Solve mode:                          Find First
Intersection backend selected:       cpu
Validation enabled:                  false
Number of polytopes found:           58906
Restricting to unimodular simplices: true
Looking for regular triangulations:  true
Using Normaliz:                      false



Run finished: 15:19:33

----------------------------------------
Run Summary
----------------------------------------
Total Polytopes Processed:     58906
Regularly Triangulatable:      [32m45569[0m
Triangulatable:                [32m45588[0m
Non-Triangulatable:            [31m13318[0m
Total Run Time:                00:53:07
----------------------------------------
Step Name                           | Total Time   | Avg Time     | Max Time     | Max Memory   | Avg Memory  
------------------------------------------------------------------------------------------------------------
Compute all lattice points          | 00:02:43     | 0.003 s      | 2.026 s      | 180.78 MiB   | 936.25 KiB  
Compute unimodular simplices        | 00:00:15     | 0.000 s      | 0.120 s      | 2.44 MiB     | 134.88 KiB  
Compute internal faces              | 00:01:10     | 0.001 s      | 2.630 s      | 24.05 MiB    | 365.77 KiB  
Compute intersecting pairs          | 00:12:02     | 0.012 s      | 1.113 s      | 141.19 MiB   | 2.14 MiB    
Generate face-covering clauses      | 00:02:19     | 0.002 s      | 0.417 s      | 45.82 MiB    | 639.66 KiB  
Solve SAT problem                   | 00:13:41     | 0.014 s      | 5.111 s      | 302.59 MiB   | 2.20 MiB    

