  Activating project at `~/Code/UniTriSat`
-
Test Dimension 3, Volume 26 on cpu
-
Run started at:                      14:26:15
Number of threads:                   1
Solve mode:                          Find First
Intersection backend selected:       cpu
Validation enabled:                  false
Number of polytopes found:           103117
Restricting to unimodular simplices: true
Looking for regular triangulations:  true
Using Normaliz:                      false



Run finished: 16:22:05

----------------------------------------
Run Summary
----------------------------------------
Total Polytopes Processed:     103117
Regularly Triangulatable:      [32m80088[0m
Triangulatable:                [32m80121[0m
Non-Triangulatable:            [31m22996[0m
Total Run Time:                01:55:50
----------------------------------------
Step Name                           | Total Time   | Avg Time     | Max Time     | Max Memory   | Avg Memory  
------------------------------------------------------------------------------------------------------------
Compute all lattice points          | 00:05:10     | 0.003 s      | 1.914 s      | 183.80 MiB   | 1006.02 KiB 
Compute unimodular simplices        | 00:00:30     | 0.000 s      | 0.218 s      | 3.22 MiB     | 162.22 KiB  
Compute internal faces              | 00:02:09     | 0.001 s      | 2.530 s      | 24.07 MiB    | 389.37 KiB  
Compute intersecting pairs          | 00:28:47     | 0.017 s      | 1.716 s      | 206.53 MiB   | 2.83 MiB    
Generate face-covering clauses      | 00:04:45     | 0.003 s      | 0.382 s      | 45.33 MiB    | 775.08 KiB  
Solve SAT problem                   | 00:35:28     | 0.021 s      | 37.396 s     | 1.64 GiB     | 2.72 MiB    

