  Activating project at `~/Code/UniTriSat`
Precompiling packages...
   3837.7 ms  ✓ UniTriSat
  1 dependency successfully precompiled in 5 seconds. 50 already precompiled.
  1 dependency had output during precompilation:
┌ UniTriSat
│  ===================== WARNING ======================
│  Normaliz not available; using CDDLib lattice point enumeration instead.
│  This is slower, but not the bottleneck, so it should be OK.
│  You can find Normaliz.jl at https://github.com/Normaliz/Normaliz.jl
│  You may have to downgrade your Julia version for Normaliz to work.
│  There is also the lattice_points_via_Oscar function available in basic_computation.jl
│  ====================================================
└  
-
Test Dimension 3, Volume 28 on cpu
-
Run started at:                      14:34:35
Number of threads:                   1
Solve mode:                          Find First
Intersection backend selected:       cpu
Validation enabled:                  false
Number of polytopes found:           181732
Restricting to unimodular simplices: true
Looking for regular triangulations:  true
Using Normaliz:                      false



Run finished: 18:28:30

----------------------------------------
Run Summary
----------------------------------------
Total Polytopes Processed:     181732
Regularly Triangulatable:      [32m141213[0m
Triangulatable:                [32m141294[0m
Non-Triangulatable:            [31m40438[0m
Total Run Time:                03:53:54
----------------------------------------
Step Name                           | Total Time   | Avg Time     | Max Time     | Max Memory   | Avg Memory  
------------------------------------------------------------------------------------------------------------
Compute all lattice points          | 00:08:06     | 0.003 s      | 1.800 s      | 180.24 MiB   | 1.04 MiB    
Compute unimodular simplices        | 00:00:47     | 0.000 s      | 0.221 s      | 4.19 MiB     | 191.18 KiB  
Compute internal faces              | 00:03:17     | 0.001 s      | 2.352 s      | 24.18 MiB    | 410.18 KiB  
Compute intersecting pairs          | 01:10:50     | 0.023 s      | 2.819 s      | 319.59 MiB   | 3.61 MiB    
Generate face-covering clauses      | 00:08:56     | 0.003 s      | 0.343 s      | 45.08 MiB    | 916.40 KiB  
Solve SAT problem                   | 01:19:40     | 0.026 s      | 67.768 s     | 3.19 GiB     | 3.34 MiB    

