  Activating project at `~/Code/UniTriSat`
-
Test Dimension 3, Volume 31 on cpu
-
Run started at:                      14:37:29
Number of threads:                   1
Solve mode:                          Find First
Intersection backend selected:       cpu
Validation enabled:                  false
Number of polytopes found:           376303
Restricting to unimodular simplices: true
Looking for regular triangulations:  true
Using Normaliz:                      false



Run finished: 03:48:04

----------------------------------------
Run Summary
----------------------------------------
Total Polytopes Processed:     376303
Regularly Triangulatable:      [32m291292[0m
Triangulatable:                [32m291526[0m
Non-Triangulatable:            [31m84777[0m
Total Run Time:                13:10:33
----------------------------------------
Step Name                           | Total Time   | Avg Time     | Max Time     | Max Memory   | Avg Memory  
------------------------------------------------------------------------------------------------------------
Compute all lattice points          | 00:18:39     | 0.003 s      | 1.767 s      | 180.16 MiB   | 1.15 MiB    
Compute unimodular simplices        | 00:02:24     | 0.000 s      | 0.282 s      | 6.05 MiB     | 241.96 KiB  
Compute internal faces              | 00:07:32     | 0.001 s      | 2.355 s      | 23.93 MiB    | 445.81 KiB  
Compute intersecting pairs          | 03:52:02     | 0.037 s      | 4.926 s      | 571.40 MiB   | 5.26 MiB    
Generate face-covering clauses      | 00:26:18     | 0.004 s      | 0.429 s      | 45.08 MiB    | 1.15 MiB    
Solve SAT problem                   | 06:01:14     | 0.058 s      | 263.761 s    | 10.35 GiB    | 5.12 MiB    

