  Activating project at `~/Code/UniTriSat`
-
Test Dimension 3, Volume 36c on cpu
-
Run started at:                      14:47:12
Number of threads:                   1
Solve mode:                          Find First
Intersection backend selected:       cpu
Validation enabled:                  false
Number of polytopes found:           35683
Restricting to unimodular simplices: true
Looking for regular triangulations:  true
Using Normaliz:                      false



Run finished: 22:40:54

----------------------------------------
Run Summary
----------------------------------------
Total Polytopes Processed:     35683
Regularly Triangulatable:      [32m35269[0m
Triangulatable:                [32m35271[0m
Non-Triangulatable:            [31m412[0m
Total Run Time:                07:53:41
----------------------------------------
Step Name                           | Total Time   | Avg Time     | Max Time     | Max Memory   | Avg Memory  
------------------------------------------------------------------------------------------------------------
Compute all lattice points          | 00:01:45     | 0.003 s      | 1.799 s      | 180.41 MiB   | 1.22 MiB    
Compute unimodular simplices        | 00:00:20     | 0.001 s      | 0.063 s      | 1.44 MiB     | 436.90 KiB  
Compute internal faces              | 00:00:54     | 0.002 s      | 2.306 s      | 24.25 MiB    | 602.68 KiB  
Compute intersecting pairs          | 01:11:21     | 0.120 s      | 1.132 s      | 116.60 MiB   | 15.40 MiB   
Generate face-covering clauses      | 00:06:11     | 0.010 s      | 0.328 s      | 47.34 MiB    | 2.54 MiB    
Solve SAT problem                   | 06:13:58     | 0.629 s      | 379.322 s    | 15.84 GiB    | 29.61 MiB   

