  Activating project at `~/Code/UniTriSat`
-
Test Dimension 3, Volume 7 on cpu
-
Run started at:                      14:27:13
Number of threads:                   1
Solve mode:                          Find First
Intersection backend selected:       cpu
Validation enabled:                  false
Number of polytopes found:           59
Restricting to unimodular simplices: true
Looking for regular triangulations:  true
Using Normaliz:                      false



Run finished: 14:27:23

----------------------------------------
Run Summary
----------------------------------------
Total Polytopes Processed:     59
Regularly Triangulatable:      [32m47[0m
Triangulatable:                [32m47[0m
Non-Triangulatable:            [31m12[0m
Total Run Time:                00:00:09
----------------------------------------
Step Name                           | Total Time   | Avg Time     | Max Time     | Max Memory   | Avg Memory  
------------------------------------------------------------------------------------------------------------
Compute all lattice points          | 00:00:02     | 0.035 s      | 1.981 s      | 179.63 MiB   | 3.43 MiB    
Compute unimodular simplices        | 00:00:00     | 0.000 s      | 0.007 s      | 37.41 KiB    | 12.29 KiB   
Compute internal faces              | 00:00:02     | 0.045 s      | 2.540 s      | 23.90 MiB    | 603.23 KiB  
Compute intersecting pairs          | 00:00:00     | 0.013 s      | 0.697 s      | 38.69 MiB    | 810.28 KiB  
Generate face-covering clauses      | 00:00:00     | 0.007 s      | 0.377 s      | 45.04 MiB    | 865.96 KiB  
Solve SAT problem                   | 00:00:01     | 0.033 s      | 1.824 s      | 130.90 MiB   | 2.58 MiB    

