  Activating project at `~/Code/UniTriSat`
-
Test Dimension 3, Volume 8 on cpu
-
Run started at:                      14:29:44
Number of threads:                   1
Solve mode:                          Find First
Intersection backend selected:       cpu
Validation enabled:                  false
Number of polytopes found:           154
Restricting to unimodular simplices: true
Looking for regular triangulations:  true
Using Normaliz:                      false



Run finished: 14:29:56

----------------------------------------
Run Summary
----------------------------------------
Total Polytopes Processed:     154
Regularly Triangulatable:      [32m125[0m
Triangulatable:                [32m125[0m
Non-Triangulatable:            [31m29[0m
Total Run Time:                00:00:11
----------------------------------------
Step Name                           | Total Time   | Avg Time     | Max Time     | Max Memory   | Avg Memory  
------------------------------------------------------------------------------------------------------------
Compute all lattice points          | 00:00:02     | 0.015 s      | 2.114 s      | 179.66 MiB   | 1.54 MiB    
Compute unimodular simplices        | 00:00:00     | 0.000 s      | 0.007 s      | 53.77 KiB    | 13.91 KiB   
Compute internal faces              | 00:00:02     | 0.019 s      | 2.699 s      | 23.90 MiB    | 345.32 KiB  
Compute intersecting pairs          | 00:00:00     | 0.005 s      | 0.751 s      | 38.70 MiB    | 393.58 KiB  
Generate face-covering clauses      | 00:00:00     | 0.003 s      | 0.365 s      | 45.04 MiB    | 377.79 KiB  
Solve SAT problem                   | 00:00:02     | 0.014 s      | 1.885 s      | 130.96 MiB   | 1.27 MiB    

