  Activating project at `~/Code/UniTriSat`
-
Test Dimension 3, Volume 9 on cpu
-
Run started at:                      14:26:14
Number of threads:                   1
Solve mode:                          Find First
Intersection backend selected:       cpu
Validation enabled:                  false
Number of polytopes found:           181
Restricting to unimodular simplices: true
Looking for regular triangulations:  true
Using Normaliz:                      false



Run finished: 14:26:25

----------------------------------------
Run Summary
----------------------------------------
Total Polytopes Processed:     181
Regularly Triangulatable:      [32m135[0m
Triangulatable:                [32m135[0m
Non-Triangulatable:            [31m46[0m
Total Run Time:                00:00:10
----------------------------------------
Step Name                           | Total Time   | Avg Time     | Max Time     | Max Memory   | Avg Memory  
------------------------------------------------------------------------------------------------------------
Compute all lattice points          | 00:00:02     | 0.012 s      | 1.891 s      | 179.87 MiB   | 1.43 MiB    
Compute unimodular simplices        | 00:00:00     | 0.000 s      | 0.006 s      | 76.27 KiB    | 18.47 KiB   
Compute internal faces              | 00:00:02     | 0.014 s      | 2.402 s      | 23.90 MiB    | 332.16 KiB  
Compute intersecting pairs          | 00:00:00     | 0.004 s      | 0.654 s      | 38.70 MiB    | 400.36 KiB  
Generate face-covering clauses      | 00:00:00     | 0.002 s      | 0.348 s      | 45.04 MiB    | 345.26 KiB  
Solve SAT problem                   | 00:00:01     | 0.011 s      | 1.700 s      | 131.16 MiB   | 1.14 MiB    

