  Activating project at `~/Code/UniTriSat`
-
Test Dimension 4, Volume 10 on cpu
-
Run started at:                      14:32:40
Number of threads:                   1
Solve mode:                          Find First
Intersection backend selected:       cpu
Validation enabled:                  false
Number of polytopes found:           1019
Restricting to unimodular simplices: true
Looking for regular triangulations:  true
Using Normaliz:                      false



Run finished: 14:33:12

----------------------------------------
Run Summary
----------------------------------------
Total Polytopes Processed:     1019
Regularly Triangulatable:      [32m618[0m
Triangulatable:                [32m618[0m
Non-Triangulatable:            [31m401[0m
Total Run Time:                00:00:31
----------------------------------------
Step Name                           | Total Time   | Avg Time     | Max Time     | Max Memory   | Avg Memory  
------------------------------------------------------------------------------------------------------------
Compute all lattice points          | 00:00:07     | 0.007 s      | 2.191 s      | 183.60 MiB   | 1.87 MiB    
Compute unimodular simplices        | 00:00:00     | 0.000 s      | 0.008 s      | 431.78 KiB   | 40.59 KiB   
Compute internal faces              | 00:00:03     | 0.004 s      | 2.835 s      | 24.59 MiB    | 305.65 KiB  
Compute intersecting pairs          | 00:00:04     | 0.005 s      | 0.944 s      | 42.00 MiB    | 482.61 KiB  
Generate face-covering clauses      | 00:00:00     | 0.001 s      | 0.414 s      | 45.19 MiB    | 183.64 KiB  
Solve SAT problem                   | 00:00:03     | 0.004 s      | 1.848 s      | 131.93 MiB   | 713.45 KiB  

