  Activating project at `~/Code/UniTriSat`
-
Test Dimension 4, Volume 12 on cpu
-
Run started at:                      14:31:10
Number of threads:                   1
Solve mode:                          Find First
Intersection backend selected:       cpu
Validation enabled:                  false
Number of polytopes found:           3251
Restricting to unimodular simplices: true
Looking for regular triangulations:  true
Using Normaliz:                      false



Run finished: 14:32:44

----------------------------------------
Run Summary
----------------------------------------
Total Polytopes Processed:     3251
Regularly Triangulatable:      [32m1849[0m
Triangulatable:                [32m1849[0m
Non-Triangulatable:            [31m1402[0m
Total Run Time:                00:01:33
----------------------------------------
Step Name                           | Total Time   | Avg Time     | Max Time     | Max Memory   | Avg Memory  
------------------------------------------------------------------------------------------------------------
Compute all lattice points          | 00:00:21     | 0.007 s      | 2.053 s      | 184.53 MiB   | 2.01 MiB    
Compute unimodular simplices        | 00:00:00     | 0.000 s      | 0.044 s      | 963.41 KiB   | 54.68 KiB   
Compute internal faces              | 00:00:05     | 0.002 s      | 2.592 s      | 24.60 MiB    | 307.89 KiB  
Compute intersecting pairs          | 00:00:19     | 0.007 s      | 0.898 s      | 42.04 MiB    | 627.32 KiB  
Generate face-covering clauses      | 00:00:02     | 0.001 s      | 0.393 s      | 45.21 MiB    | 197.61 KiB  
Solve SAT problem                   | 00:00:11     | 0.004 s      | 1.897 s      | 132.26 MiB   | 789.77 KiB  

