  Activating project at `~/Code/UniTriSat`
-
Test Dimension 4, Volume 14 on cpu
-
Run started at:                      14:31:51
Number of threads:                   1
Solve mode:                          Find First
Intersection backend selected:       cpu
Validation enabled:                  false
Number of polytopes found:           6863
Restricting to unimodular simplices: true
Looking for regular triangulations:  true
Using Normaliz:                      false



Run finished: 14:35:55

----------------------------------------
Run Summary
----------------------------------------
Total Polytopes Processed:     6863
Regularly Triangulatable:      [32m3918[0m
Triangulatable:                [32m3918[0m
Non-Triangulatable:            [31m2945[0m
Total Run Time:                00:04:03
----------------------------------------
Step Name                           | Total Time   | Avg Time     | Max Time     | Max Memory   | Avg Memory  
------------------------------------------------------------------------------------------------------------
Compute all lattice points          | 00:00:48     | 0.007 s      | 2.161 s      | 182.81 MiB   | 2.35 MiB    
Compute unimodular simplices        | 00:00:01     | 0.000 s      | 0.099 s      | 1.73 MiB     | 81.55 KiB   
Compute internal faces              | 00:00:09     | 0.001 s      | 2.766 s      | 24.68 MiB    | 332.64 KiB  
Compute intersecting pairs          | 00:01:17     | 0.012 s      | 2.120 s      | 72.81 MiB    | 954.51 KiB  
Generate face-covering clauses      | 00:00:05     | 0.001 s      | 0.423 s      | 45.31 MiB    | 268.08 KiB  
Solve SAT problem                   | 00:00:26     | 0.004 s      | 1.947 s      | 132.31 MiB   | 916.42 KiB  

