  Activating project at `~/Code/UniTriSat`
Precompiling packages...
    UniTriSat Being precompiled by another machine (hostname: node719, pid: 28367, pidfile: /homes/numerik/lauff/.julia/compiled/v1.10/UniTriSat/jJmbR_KLCVs.ji.pidfile)
 105022.7 ms  ✓ UniTriSat
  1 dependency successfully precompiled in 107 seconds. 50 already precompiled.
  1 dependency had output during precompilation:
┌ UniTriSat
│  ===================== WARNING ======================
│  Normaliz not available; using CDDLib lattice point enumeration instead.
│  This is slower, but not the bottleneck, so it should be OK.
│  You can find Normaliz.jl at https://github.com/Normaliz/Normaliz.jl
│  You may have to downgrade your Julia version for Normaliz to work.
│  There is also the lattice_points_via_Oscar function available in basic_computation.jl
│  ====================================================
└  
-
Test Dimension 4, Volume 16 on cpu
-
Run started at:                      14:32:48
Number of threads:                   1
Solve mode:                          Find First
Intersection backend selected:       cpu
Validation enabled:                  false
Number of polytopes found:           17309
Restricting to unimodular simplices: true
Looking for regular triangulations:  true
Using Normaliz:                      false



Run finished: 14:46:01

----------------------------------------
Run Summary
----------------------------------------
Total Polytopes Processed:     17309
Regularly Triangulatable:      [32m9494[0m
Triangulatable:                [32m9494[0m
Non-Triangulatable:            [31m7815[0m
Total Run Time:                00:13:12
----------------------------------------
Step Name                           | Total Time   | Avg Time     | Max Time     | Max Memory   | Avg Memory  
------------------------------------------------------------------------------------------------------------
Compute all lattice points          | 00:02:19     | 0.008 s      | 2.201 s      | 183.27 MiB   | 2.57 MiB    
Compute unimodular simplices        | 00:00:03     | 0.000 s      | 0.196 s      | 3.19 MiB     | 104.71 KiB  
Compute internal faces              | 00:00:21     | 0.001 s      | 2.795 s      | 24.61 MiB    | 352.45 KiB  
Compute intersecting pairs          | 00:05:14     | 0.019 s      | 5.935 s      | 173.80 MiB   | 1.27 MiB    
Generate face-covering clauses      | 00:00:19     | 0.001 s      | 0.433 s      | 45.22 MiB    | 337.95 KiB  
Solve SAT problem                   | 00:01:28     | 0.005 s      | 1.903 s      | 132.57 MiB   | 1.07 MiB    

