  Activating project at `~/Code/UniTriSat`
-
Test Dimension 4, Volume 20 on cpu
-
Run started at:                      14:31:21
Number of threads:                   1
Solve mode:                          Find First
Intersection backend selected:       cpu
Validation enabled:                  false
Number of polytopes found:           80578
Restricting to unimodular simplices: true
Looking for regular triangulations:  true
Using Normaliz:                      false



Run finished: 16:00:15

----------------------------------------
Run Summary
----------------------------------------
Total Polytopes Processed:     80578
Regularly Triangulatable:      [32m42226[0m
Triangulatable:                [32m42227[0m
Non-Triangulatable:            [31m38351[0m
Total Run Time:                01:28:53
----------------------------------------
Step Name                           | Total Time   | Avg Time     | Max Time     | Max Memory   | Avg Memory  
------------------------------------------------------------------------------------------------------------
Compute all lattice points          | 00:11:04     | 0.008 s      | 2.113 s      | 261.48 MiB   | 3.12 MiB    
Compute unimodular simplices        | 00:00:21     | 0.000 s      | 0.529 s      | 8.57 MiB     | 169.85 KiB  
Compute internal faces              | 00:01:31     | 0.001 s      | 2.523 s      | 24.74 MiB    | 403.68 KiB  
Compute intersecting pairs          | 00:49:08     | 0.037 s      | 25.494 s     | 761.45 MiB   | 2.34 MiB    
Generate face-covering clauses      | 00:02:02     | 0.002 s      | 0.608 s      | 45.45 MiB    | 541.73 KiB  
Solve SAT problem                   | 00:09:12     | 0.007 s      | 1.757 s      | 133.62 MiB   | 1.45 MiB    

