  Activating project at `~/Code/UniTriSat`
Precompiling packages...
   3817.6 ms  ✓ UniTriSat
  1 dependency successfully precompiled in 5 seconds. 50 already precompiled.
  1 dependency had output during precompilation:
┌ UniTriSat
│  ===================== WARNING ======================
│  Normaliz not available; using CDDLib lattice point enumeration instead.
│  This is slower, but not the bottleneck, so it should be OK.
│  You can find Normaliz.jl at https://github.com/Normaliz/Normaliz.jl
│  You may have to downgrade your Julia version for Normaliz to work.
│  There is also the lattice_points_via_Oscar function available in basic_computation.jl
│  ====================================================
└  
-
Test Dimension 4, Volume 21 on cpu
-
Run started at:                      14:30:55
Number of threads:                   1
Solve mode:                          Find First
Intersection backend selected:       cpu
Validation enabled:                  false
Number of polytopes found:           94373
Restricting to unimodular simplices: true
Looking for regular triangulations:  true
Using Normaliz:                      false



Run finished: 16:38:01

----------------------------------------
Run Summary
----------------------------------------
Total Polytopes Processed:     94373
Regularly Triangulatable:      [32m47170[0m
Triangulatable:                [32m47171[0m
Non-Triangulatable:            [31m47202[0m
Total Run Time:                02:07:05
----------------------------------------
Step Name                           | Total Time   | Avg Time     | Max Time     | Max Memory   | Avg Memory  
------------------------------------------------------------------------------------------------------------
Compute all lattice points          | 00:13:39     | 0.009 s      | 1.821 s      | 211.52 MiB   | 3.32 MiB    
Compute unimodular simplices        | 00:00:30     | 0.000 s      | 0.597 s      | 10.55 MiB    | 197.06 KiB  
Compute internal faces              | 00:01:53     | 0.001 s      | 2.316 s      | 24.67 MiB    | 422.24 KiB  
Compute intersecting pairs          | 01:17:47     | 0.050 s      | 35.529 s     | 1.07 GiB     | 2.91 MiB    
Generate face-covering clauses      | 00:02:52     | 0.002 s      | 0.579 s      | 45.31 MiB    | 627.85 KiB  
Solve SAT problem                   | 00:12:07     | 0.008 s      | 4.876 s      | 335.93 MiB   | 1.47 MiB    

