  Activating project at `~/Code/UniTriSat`
Precompiling packages...
    UniTriSat Being precompiled by another machine (hostname: node814, pid: 15937, pidfile: /homes/numerik/lauff/.julia/compiled/v1.10/UniTriSat/jJmbR_KLCVs.ji.pidfile)
  44150.6 ms  ✓ UniTriSat
  1 dependency successfully precompiled in 46 seconds. 50 already precompiled.
  1 dependency had output during precompilation:
┌ UniTriSat
│  ===================== WARNING ======================
│  Normaliz not available; using CDDLib lattice point enumeration instead.
│  This is slower, but not the bottleneck, so it should be OK.
│  You can find Normaliz.jl at https://github.com/Normaliz/Normaliz.jl
│  You may have to downgrade your Julia version for Normaliz to work.
│  There is also the lattice_points_via_Oscar function available in basic_computation.jl
│  ====================================================
└  
-
Test Dimension 4, Volume 24 on cpu
-
Run started at:                      14:31:59
Number of threads:                   1
Solve mode:                          Find First
Intersection backend selected:       cpu
Validation enabled:                  false
Number of polytopes found:           330776
Restricting to unimodular simplices: true
Looking for regular triangulations:  true
Using Normaliz:                      false



Run finished: 00:58:23

----------------------------------------
Run Summary
----------------------------------------
Total Polytopes Processed:     330776
Regularly Triangulatable:      [32m165471[0m
Triangulatable:                [32m165490[0m
Non-Triangulatable:            [31m165286[0m
Total Run Time:                10:26:23
----------------------------------------
Step Name                           | Total Time   | Avg Time     | Max Time     | Max Memory   | Avg Memory  
------------------------------------------------------------------------------------------------------------
Compute all lattice points          | 00:52:14     | 0.009 s      | 1.796 s      | 302.96 MiB   | 3.56 MiB    
Compute unimodular simplices        | 00:02:27     | 0.000 s      | 0.366 s      | 18.97 MiB    | 252.50 KiB  
Compute internal faces              | 00:07:11     | 0.001 s      | 2.318 s      | 24.70 MiB    | 453.26 KiB  
Compute intersecting pairs          | 06:56:02     | 0.077 s      | 94.163 s     | 2.62 GiB     | 4.05 MiB    
Generate face-covering clauses      | 00:15:11     | 0.003 s      | 0.703 s      | 45.36 MiB    | 810.48 KiB  
Solve SAT problem                   | 00:59:09     | 0.011 s      | 5.267 s      | 387.65 MiB   | 1.91 MiB    

