  Activating project at `~/Code/UniTriSat`
Precompiling packages...
    UniTriSat Being precompiled by another process (pid: 28367, pidfile: /homes/numerik/lauff/.julia/compiled/v1.10/UniTriSat/jJmbR_KLCVs.ji.pidfile)
  50784.6 ms  ✓ UniTriSat
  1 dependency successfully precompiled in 52 seconds. 50 already precompiled.
-
Test Dimension 4, Volume 3 on cpu
-
Run started at:                      14:31:51
Number of threads:                   1
Solve mode:                          Find First
Intersection backend selected:       cpu
Validation enabled:                  false
Number of polytopes found:           8
Restricting to unimodular simplices: true
Looking for regular triangulations:  true
Using Normaliz:                      false



Run finished: 14:32:01

----------------------------------------
Run Summary
----------------------------------------
Total Polytopes Processed:     8
Regularly Triangulatable:      [32m6[0m
Triangulatable:                [32m6[0m
Non-Triangulatable:            [31m2[0m
Total Run Time:                00:00:09
----------------------------------------
Step Name                           | Total Time   | Avg Time     | Max Time     | Max Memory   | Avg Memory  
------------------------------------------------------------------------------------------------------------
Compute all lattice points          | 00:00:02     | 0.273 s      | 2.172 s      | 181.94 MiB   | 23.14 MiB   
Compute unimodular simplices        | 00:00:00     | 0.001 s      | 0.008 s      | 282.77 KiB   | 38.31 KiB   
Compute internal faces              | 00:00:02     | 0.467 s      | 2.798 s      | 24.56 MiB    | 4.24 MiB    
Compute intersecting pairs          | 00:00:00     | 0.163 s      | 0.979 s      | 42.01 MiB    | 7.05 MiB    
Generate face-covering clauses      | 00:00:00     | 0.066 s      | 0.394 s      | 45.19 MiB    | 7.55 MiB    
Solve SAT problem                   | 00:00:01     | 0.323 s      | 1.937 s      | 131.09 MiB   | 21.96 MiB   

