  Activating project at `~/Code/UniTriSat`
Precompiling packages...
   4547.7 ms  ✓ UniTriSat
  1 dependency successfully precompiled in 6 seconds. 50 already precompiled.
  1 dependency had output during precompilation:
┌ UniTriSat
│  ===================== WARNING ======================
│  Normaliz not available; using CDDLib lattice point enumeration instead.
│  This is slower, but not the bottleneck, so it should be OK.
│  You can find Normaliz.jl at https://github.com/Normaliz/Normaliz.jl
│  You may have to downgrade your Julia version for Normaliz to work.
│  There is also the lattice_points_via_Oscar function available in basic_computation.jl
│  ====================================================
└  
-
Test Dimension 4, Volume 4 on cpu
-
Run started at:                      14:32:15
Number of threads:                   1
Solve mode:                          Find First
Intersection backend selected:       cpu
Validation enabled:                  false
Number of polytopes found:           28
Restricting to unimodular simplices: true
Looking for regular triangulations:  true
Using Normaliz:                      false



Run finished: 14:32:25

----------------------------------------
Run Summary
----------------------------------------
Total Polytopes Processed:     28
Regularly Triangulatable:      [32m19[0m
Triangulatable:                [32m19[0m
Non-Triangulatable:            [31m9[0m
Total Run Time:                00:00:09
----------------------------------------
Step Name                           | Total Time   | Avg Time     | Max Time     | Max Memory   | Avg Memory  
------------------------------------------------------------------------------------------------------------
Compute all lattice points          | 00:00:02     | 0.079 s      | 2.165 s      | 181.99 MiB   | 7.04 MiB    
Compute unimodular simplices        | 00:00:00     | 0.000 s      | 0.005 s      | 236.88 KiB   | 15.78 KiB   
Compute internal faces              | 00:00:02     | 0.132 s      | 2.770 s      | 24.57 MiB    | 1.35 MiB    
Compute intersecting pairs          | 00:00:00     | 0.047 s      | 0.975 s      | 42.02 MiB    | 2.08 MiB    
Generate face-covering clauses      | 00:00:00     | 0.020 s      | 0.422 s      | 45.20 MiB    | 2.18 MiB    
Solve SAT problem                   | 00:00:01     | 0.090 s      | 1.885 s      | 131.22 MiB   | 6.43 MiB    

