  Activating project at `~/Code/UniTriSat`
Precompiling packages...
   4359.2 ms  ✓ UniTriSat
  1 dependency successfully precompiled in 6 seconds. 50 already precompiled.
  1 dependency had output during precompilation:
┌ UniTriSat
│  ===================== WARNING ======================
│  Normaliz not available; using CDDLib lattice point enumeration instead.
│  This is slower, but not the bottleneck, so it should be OK.
│  You can find Normaliz.jl at https://github.com/Normaliz/Normaliz.jl
│  You may have to downgrade your Julia version for Normaliz to work.
│  There is also the lattice_points_via_Oscar function available in basic_computation.jl
│  ====================================================
└  
-
Test Dimension 4, Volume 5 on cpu
-
Run started at:                      14:31:04
Number of threads:                   1
Solve mode:                          Find First
Intersection backend selected:       cpu
Validation enabled:                  false
Number of polytopes found:           31
Restricting to unimodular simplices: true
Looking for regular triangulations:  true
Using Normaliz:                      false



Run finished: 14:31:14

----------------------------------------
Run Summary
----------------------------------------
Total Polytopes Processed:     31
Regularly Triangulatable:      [32m21[0m
Triangulatable:                [32m21[0m
Non-Triangulatable:            [31m10[0m
Total Run Time:                00:00:09
----------------------------------------
Step Name                           | Total Time   | Avg Time     | Max Time     | Max Memory   | Avg Memory  
------------------------------------------------------------------------------------------------------------
Compute all lattice points          | 00:00:02     | 0.068 s      | 2.034 s      | 181.69 MiB   | 6.70 MiB    
Compute unimodular simplices        | 00:00:00     | 0.000 s      | 0.005 s      | 236.93 KiB   | 19.34 KiB   
Compute internal faces              | 00:00:02     | 0.099 s      | 2.648 s      | 24.58 MiB    | 1.11 MiB    
Compute intersecting pairs          | 00:00:00     | 0.037 s      | 0.949 s      | 42.03 MiB    | 1.68 MiB    
Generate face-covering clauses      | 00:00:00     | 0.015 s      | 0.408 s      | 45.21 MiB    | 1.71 MiB    
Solve SAT problem                   | 00:00:01     | 0.069 s      | 1.842 s      | 131.40 MiB   | 5.07 MiB    

