
===================== WARNING ======================
Normaliz not available; using CDDLib lattice point enumeration instead.
This is slower, but not the bottleneck, so it should be OK.
You can find Normaliz.jl at https://github.com/Normaliz/Normaliz.jl
You may have to downgrade your Julia version for Normaliz to work.
There is also the lattice_points_via_Oscar function available in basic_computation.jl
====================================================

  Activating project at `~/Code/UniTriSat`
-
Test Dimension 4, Volume 7 on cpu
-
Run started at:                      14:32:35
Number of threads:                   1
Solve mode:                          Find First
Intersection backend selected:       cpu
Validation enabled:                  false
Number of polytopes found:           113
Restricting to unimodular simplices: true
Looking for regular triangulations:  true
Using Normaliz:                      false



Run finished: 14:32:47

----------------------------------------
Run Summary
----------------------------------------
Total Polytopes Processed:     113
Regularly Triangulatable:      [32m74[0m
Triangulatable:                [32m74[0m
Non-Triangulatable:            [31m39[0m
Total Run Time:                00:00:11
----------------------------------------
Step Name                           | Total Time   | Avg Time     | Max Time     | Max Memory   | Avg Memory  
------------------------------------------------------------------------------------------------------------
Compute all lattice points          | 00:00:02     | 0.024 s      | 2.226 s      | 181.78 MiB   | 2.94 MiB    
Compute unimodular simplices        | 00:00:00     | 0.000 s      | 0.005 s      | 236.79 KiB   | 24.55 KiB   
Compute internal faces              | 00:00:02     | 0.027 s      | 2.801 s      | 24.57 MiB    | 478.49 KiB  
Compute intersecting pairs          | 00:00:01     | 0.010 s      | 0.972 s      | 42.00 MiB    | 634.01 KiB  
Generate face-covering clauses      | 00:00:00     | 0.004 s      | 0.411 s      | 45.19 MiB    | 506.05 KiB  
Solve SAT problem                   | 00:00:02     | 0.019 s      | 1.920 s      | 131.56 MiB   | 1.56 MiB    

