  Activating project at `~/Code/UniTriSat`
-
Test Dimension 4, Volume 9 on cpu
-
Run started at:                      14:32:50
Number of threads:                   1
Solve mode:                          Find First
Intersection backend selected:       cpu
Validation enabled:                  false
Number of polytopes found:           438
Restricting to unimodular simplices: true
Looking for regular triangulations:  true
Using Normaliz:                      false



Run finished: 14:33:09

----------------------------------------
Run Summary
----------------------------------------
Total Polytopes Processed:     438
Regularly Triangulatable:      [32m255[0m
Triangulatable:                [32m255[0m
Non-Triangulatable:            [31m183[0m
Total Run Time:                00:00:17
----------------------------------------
Step Name                           | Total Time   | Avg Time     | Max Time     | Max Memory   | Avg Memory  
------------------------------------------------------------------------------------------------------------
Compute all lattice points          | 00:00:04     | 0.010 s      | 2.135 s      | 181.84 MiB   | 2.05 MiB    
Compute unimodular simplices        | 00:00:00     | 0.000 s      | 0.006 s      | 292.52 KiB   | 34.32 KiB   
Compute internal faces              | 00:00:03     | 0.008 s      | 2.722 s      | 24.58 MiB    | 328.44 KiB  
Compute intersecting pairs          | 00:00:02     | 0.005 s      | 0.953 s      | 42.06 MiB    | 462.13 KiB  
Generate face-covering clauses      | 00:00:00     | 0.001 s      | 0.379 s      | 45.21 MiB    | 223.35 KiB  
Solve SAT problem                   | 00:00:02     | 0.007 s      | 1.920 s      | 131.78 MiB   | 790.90 KiB  

