  Activating project at `~/Code/UniTriSat`
Precompiling packages...
   4481.9 ms  ✓ UniTriSat
  1 dependency successfully precompiled in 6 seconds. 50 already precompiled.
  1 dependency had output during precompilation:
┌ UniTriSat
│  ===================== WARNING ======================
│  Normaliz not available; using CDDLib lattice point enumeration instead.
│  This is slower, but not the bottleneck, so it should be OK.
│  You can find Normaliz.jl at https://github.com/Normaliz/Normaliz.jl
│  You may have to downgrade your Julia version for Normaliz to work.
│  There is also the lattice_points_via_Oscar function available in basic_computation.jl
│  ====================================================
└  
-
Test Dimension 4, Volume 1 on cpu
-
Run started at:                      14:32:05
Number of threads:                   1
Solve mode:                          Find First
Intersection backend selected:       cpu
Validation enabled:                  false
Number of polytopes found:           1
Restricting to unimodular simplices: true
Looking for regular triangulations:  true
Using Normaliz:                      false



Run finished: 14:32:13

----------------------------------------
Run Summary
----------------------------------------
Total Polytopes Processed:     1
Regularly Triangulatable:      [32m1[0m
Triangulatable:                [32m1[0m
Non-Triangulatable:            [31m0[0m
Total Run Time:                00:00:07
----------------------------------------
Step Name                           | Total Time   | Avg Time     | Max Time     | Max Memory   | Avg Memory  
------------------------------------------------------------------------------------------------------------
Compute all lattice points          | 00:00:02     | 2.191 s      | 2.191 s      | 181.58 MiB   | 181.58 MiB  
Compute unimodular simplices        | 00:00:00     | 0.008 s      | 0.008 s      | 281.74 KiB   | 281.74 KiB  
Compute internal faces              | 00:00:02     | 2.747 s      | 2.747 s      | 19.05 MiB    | 19.05 MiB   
Compute intersecting pairs          | 00:00:00     | 0.611 s      | 0.611 s      | 29.68 MiB    | 29.68 MiB   
Generate face-covering clauses      | 00:00:00     | 0.359 s      | 0.359 s      | 45.10 MiB    | 45.10 MiB   
Solve SAT problem                   | 00:00:00     | 0.044 s      | 0.044 s      | 1.62 MiB     | 1.62 MiB    

