  Activating project at `~/Code/UniTriSat`
Precompiling packages...
   4366.8 ms  ✓ UniTriSat
  1 dependency successfully precompiled in 6 seconds. 50 already precompiled.
  1 dependency had output during precompilation:
┌ UniTriSat
│  ===================== WARNING ======================
│  Normaliz not available; using CDDLib lattice point enumeration instead.
│  This is slower, but not the bottleneck, so it should be OK.
│  You can find Normaliz.jl at https://github.com/Normaliz/Normaliz.jl
│  You may have to downgrade your Julia version for Normaliz to work.
│  There is also the lattice_points_via_Oscar function available in basic_computation.jl
│  ====================================================
└  
-
Test Dimension 4, Volume 6 on cpu
-
Run started at:                      14:31:24
Number of threads:                   1
Solve mode:                          Find First
Intersection backend selected:       cpu
Validation enabled:                  false
Number of polytopes found:           109
Restricting to unimodular simplices: true
Looking for regular triangulations:  true
Using Normaliz:                      false



Run finished: 14:31:35

----------------------------------------
Run Summary
----------------------------------------
Total Polytopes Processed:     109
Regularly Triangulatable:      [32m71[0m
Triangulatable:                [32m71[0m
Non-Triangulatable:            [31m38[0m
Total Run Time:                00:00:10
----------------------------------------
Step Name                           | Total Time   | Avg Time     | Max Time     | Max Memory   | Avg Memory  
------------------------------------------------------------------------------------------------------------
Compute all lattice points          | 00:00:02     | 0.022 s      | 2.099 s      | 183.42 MiB   | 2.58 MiB    
Compute unimodular simplices        | 00:00:00     | 0.000 s      | 0.008 s      | 282.82 KiB   | 15.95 KiB   
Compute internal faces              | 00:00:02     | 0.030 s      | 2.710 s      | 24.58 MiB    | 499.59 KiB  
Compute intersecting pairs          | 00:00:01     | 0.011 s      | 0.945 s      | 42.01 MiB    | 637.41 KiB  
Generate face-covering clauses      | 00:00:00     | 0.005 s      | 0.413 s      | 45.20 MiB    | 562.77 KiB  
Solve SAT problem                   | 00:00:01     | 0.021 s      | 1.864 s      | 131.29 MiB   | 1.74 MiB    

