  Activating project at `~/Code/UniTriSat`
Precompiling packages...
   4390.7 ms  ✓ UniTriSat
  1 dependency successfully precompiled in 6 seconds. 50 already precompiled.
  1 dependency had output during precompilation:
┌ UniTriSat
│  ===================== WARNING ======================
│  Normaliz not available; using CDDLib lattice point enumeration instead.
│  This is slower, but not the bottleneck, so it should be OK.
│  You can find Normaliz.jl at https://github.com/Normaliz/Normaliz.jl
│  You may have to downgrade your Julia version for Normaliz to work.
│  There is also the lattice_points_via_Oscar function available in basic_computation.jl
│  ====================================================
└  
-
Test Dimension 4, Volume 8 on cpu
-
Run started at:                      14:31:45
Number of threads:                   1
Solve mode:                          Find First
Intersection backend selected:       cpu
Validation enabled:                  false
Number of polytopes found:           391
Restricting to unimodular simplices: true
Looking for regular triangulations:  true
Using Normaliz:                      false



Run finished: 14:32:01

----------------------------------------
Run Summary
----------------------------------------
Total Polytopes Processed:     391
Regularly Triangulatable:      [32m242[0m
Triangulatable:                [32m242[0m
Non-Triangulatable:            [31m149[0m
Total Run Time:                00:00:15
----------------------------------------
Step Name                           | Total Time   | Avg Time     | Max Time     | Max Memory   | Avg Memory  
------------------------------------------------------------------------------------------------------------
Compute all lattice points          | 00:00:03     | 0.009 s      | 2.190 s      | 184.06 MiB   | 1.72 MiB    
Compute unimodular simplices        | 00:00:00     | 0.000 s      | 0.008 s      | 331.37 KiB   | 24.44 KiB   
Compute internal faces              | 00:00:03     | 0.009 s      | 2.778 s      | 24.63 MiB    | 326.06 KiB  
Compute intersecting pairs          | 00:00:01     | 0.005 s      | 0.984 s      | 42.15 MiB    | 398.04 KiB  
Generate face-covering clauses      | 00:00:00     | 0.001 s      | 0.424 s      | 45.24 MiB    | 226.30 KiB  
Solve SAT problem                   | 00:00:02     | 0.008 s      | 1.899 s      | 131.48 MiB   | 858.67 KiB  

